// Jest Snapshot v1, https://goo.gl/fbAQLP

exports[`App should render app without crashing 1`] = `
Object {
  "asFragment": [Function],
  "baseElement": <body>
    <div>
      <div
        class="app container-fluid"
      >
        <header
          class="app__header"
        >
          <img
            alt="rick and morty"
            class="app__logo"
            src="test-file-stub"
          />
          <h1
            class="app__heading"
          >
            Rick and Morty
          </h1>
        </header>
        <div
          class="row"
        >
          <div
            class="col-lg-2 side-panel"
          >
            <div
              class="side-panel__filter-label"
            >
              <span>
                Filters
              </span>
              <button
                class="side-panel__filter-label-icon"
                type="button"
              >
                +
              </button>
            </div>
            <div
              class="side-panel__filter-container 
          "
            >
              <div
                class="filter-group"
              >
                <div
                  class="filter-group__label"
                >
                  Species
                </div>
                <button
                  class="filter-group__filter inactive"
                  type="button"
                >
                  Human
                </button>
                <button
                  class="filter-group__filter inactive"
                  type="button"
                >
                  Animal
                </button>
                <button
                  class="filter-group__filter inactive"
                  type="button"
                >
                  Alien
                </button>
              </div>
              <div
                class="filter-group"
              >
                <div
                  class="filter-group__label"
                >
                  Gender
                </div>
                <button
                  class="filter-group__filter inactive"
                  type="button"
                >
                  Male
                </button>
                <button
                  class="filter-group__filter inactive"
                  type="button"
                >
                  Female
                </button>
                <button
                  class="filter-group__filter inactive"
                  type="button"
                >
                  unknown
                </button>
              </div>
              <div
                class="filter-group"
              >
                <div
                  class="filter-group__label"
                >
                  Origin
                </div>
                <button
                  class="filter-group__filter inactive"
                  type="button"
                >
                  Earth
                </button>
                <button
                  class="filter-group__filter inactive"
                  type="button"
                >
                  Mars
                </button>
                <button
                  class="filter-group__filter inactive"
                  type="button"
                >
                  unknown
                </button>
              </div>
            </div>
          </div>
          <section
            class="col-lg-10 app__main-section"
          >
            <section
              class="row app__search-sort-section"
            >
              <div
                class="search-bar"
              >
                <input
                  class="search-bar__input"
                  id="filled-search"
                  label="Search field"
                  placeholder="Search by name"
                  type="search"
                />
                <button
                  class="search-bar__button"
                  type="button"
                >
                  Search
                </button>
              </div>
              <div
                class="sort"
              >
                <span
                  class="sort__label"
                >
                  Sort By ID
                </span>
                <button
                  class="sort__button "
                  type="button"
                >
                  Asec
                </button>
                <button
                  class="sort__button "
                  type="button"
                >
                  Desc
                </button>
              </div>
            </section>
            <div
              class="app app__message"
            >
              Loading....
            </div>
          </section>
        </div>
      </div>
    </div>
  </body>,
  "container": <div>
    <div
      class="app container-fluid"
    >
      <header
        class="app__header"
      >
        <img
          alt="rick and morty"
          class="app__logo"
          src="test-file-stub"
        />
        <h1
          class="app__heading"
        >
          Rick and Morty
        </h1>
      </header>
      <div
        class="row"
      >
        <div
          class="col-lg-2 side-panel"
        >
          <div
            class="side-panel__filter-label"
          >
            <span>
              Filters
            </span>
            <button
              class="side-panel__filter-label-icon"
              type="button"
            >
              +
            </button>
          </div>
          <div
            class="side-panel__filter-container 
          "
          >
            <div
              class="filter-group"
            >
              <div
                class="filter-group__label"
              >
                Species
              </div>
              <button
                class="filter-group__filter inactive"
                type="button"
              >
                Human
              </button>
              <button
                class="filter-group__filter inactive"
                type="button"
              >
                Animal
              </button>
              <button
                class="filter-group__filter inactive"
                type="button"
              >
                Alien
              </button>
            </div>
            <div
              class="filter-group"
            >
              <div
                class="filter-group__label"
              >
                Gender
              </div>
              <button
                class="filter-group__filter inactive"
                type="button"
              >
                Male
              </button>
              <button
                class="filter-group__filter inactive"
                type="button"
              >
                Female
              </button>
              <button
                class="filter-group__filter inactive"
                type="button"
              >
                unknown
              </button>
            </div>
            <div
              class="filter-group"
            >
              <div
                class="filter-group__label"
              >
                Origin
              </div>
              <button
                class="filter-group__filter inactive"
                type="button"
              >
                Earth
              </button>
              <button
                class="filter-group__filter inactive"
                type="button"
              >
                Mars
              </button>
              <button
                class="filter-group__filter inactive"
                type="button"
              >
                unknown
              </button>
            </div>
          </div>
        </div>
        <section
          class="col-lg-10 app__main-section"
        >
          <section
            class="row app__search-sort-section"
          >
            <div
              class="search-bar"
            >
              <input
                class="search-bar__input"
                id="filled-search"
                label="Search field"
                placeholder="Search by name"
                type="search"
              />
              <button
                class="search-bar__button"
                type="button"
              >
                Search
              </button>
            </div>
            <div
              class="sort"
            >
              <span
                class="sort__label"
              >
                Sort By ID
              </span>
              <button
                class="sort__button "
                type="button"
              >
                Asec
              </button>
              <button
                class="sort__button "
                type="button"
              >
                Desc
              </button>
            </div>
          </section>
          <div
            class="app app__message"
          >
            Loading....
          </div>
        </section>
      </div>
    </div>
  </div>,
  "debug": [Function],
  "findAllByAltText": [Function],
  "findAllByDisplayValue": [Function],
  "findAllByLabelText": [Function],
  "findAllByPlaceholderText": [Function],
  "findAllByRole": [Function],
  "findAllByTestId": [Function],
  "findAllByText": [Function],
  "findAllByTitle": [Function],
  "findByAltText": [Function],
  "findByDisplayValue": [Function],
  "findByLabelText": [Function],
  "findByPlaceholderText": [Function],
  "findByRole": [Function],
  "findByTestId": [Function],
  "findByText": [Function],
  "findByTitle": [Function],
  "getAllByAltText": [Function],
  "getAllByDisplayValue": [Function],
  "getAllByLabelText": [Function],
  "getAllByPlaceholderText": [Function],
  "getAllByRole": [Function],
  "getAllByTestId": [Function],
  "getAllByText": [Function],
  "getAllByTitle": [Function],
  "getByAltText": [Function],
  "getByDisplayValue": [Function],
  "getByLabelText": [Function],
  "getByPlaceholderText": [Function],
  "getByRole": [Function],
  "getByTestId": [Function],
  "getByText": [Function],
  "getByTitle": [Function],
  "queryAllByAltText": [Function],
  "queryAllByDisplayValue": [Function],
  "queryAllByLabelText": [Function],
  "queryAllByPlaceholderText": [Function],
  "queryAllByRole": [Function],
  "queryAllByTestId": [Function],
  "queryAllByText": [Function],
  "queryAllByTitle": [Function],
  "queryByAltText": [Function],
  "queryByDisplayValue": [Function],
  "queryByLabelText": [Function],
  "queryByPlaceholderText": [Function],
  "queryByRole": [Function],
  "queryByTestId": [Function],
  "queryByText": [Function],
  "queryByTitle": [Function],
  "rerender": [Function],
  "unmount": [Function],
}
`;
